
> frontend@0.1.0 build
> react-scripts build

Creating an optimized production build...

Treating warnings as errors because process.env.CI = true.
Most CI servers set it automatically.

Failed to compile.

[eslint] 
src\App.js
  Line 5:96:  'ArrowRight' is defined but never used  no-unused-vars


